// Jest Snapshot v1, https://goo.gl/fbAQLP

exports[`Tabs renders correctly 1`] = `
ShallowWrapper {
  "complexSelector": ComplexSelector {
    "buildPredicate": [Function],
    "childrenOfNode": [Function],
    "findWhereUnwrapped": [Function],
  },
  "length": 1,
  "node": <div>
    <nav
        className="Tabs"
    >
        <li
            className="TabNavButton"
        >
            <a
                className="TabLinkNavButton TabLinkNavButton_current"
                href="#"
                onClick={[Function]}
            >
                <span
                    className="TabLinkLabelNavButton_currentw"
                >
                    test
                </span>
            </a>
        </li>
        <ul
            className="TabsList"
        >
            <Tab
                href="#"
                isCurrent={true}
                isShowing={false}
                label="test"
            />
            <Tab
                href="#"
                isCurrent={false}
                isShowing={false}
                label="test2"
            />
        </ul>
    </nav>
</div>,
  "nodes": Array [
    <div>
      <nav
            className="Tabs"
      >
            <li
                  className="TabNavButton"
            >
                  <a
                        className="TabLinkNavButton TabLinkNavButton_current"
                        href="#"
                        onClick={[Function]}
                  >
                        <span
                              className="TabLinkLabelNavButton_currentw"
                        >
                              test
                        </span>
                  </a>
            </li>
            <ul
                  className="TabsList"
            >
                  <Tab
                        href="#"
                        isCurrent={true}
                        isShowing={false}
                        label="test"
                  />
                  <Tab
                        href="#"
                        isCurrent={false}
                        isShowing={false}
                        label="test2"
                  />
            </ul>
      </nav>
</div>,
  ],
  "options": Object {},
  "renderer": ReactShallowRenderer {
    "_instance": ShallowComponentWrapper {
      "_calledComponentWillUnmount": false,
      "_compositeType": 0,
      "_context": Object {},
      "_currentElement": <Tabs>
        <Tab
                href="#"
                isCurrent={true}
                isShowing={false}
                label="test"
        />
        <Tab
                href="#"
                isCurrent={false}
                isShowing={false}
                label="test2"
        />
</Tabs>,
      "_debugID": 1,
      "_hostContainerInfo": null,
      "_hostParent": null,
      "_instance": Tabs {
        "_reactInternalInstance": [Circular],
        "context": Object {},
        "handleClick": [Function],
        "props": Object {
          "children": Array [
            <Tab
              href="#"
              isCurrent={true}
              isShowing={false}
              label="test"
/>,
            <Tab
              href="#"
              isCurrent={false}
              isShowing={false}
              label="test2"
/>,
          ],
        },
        "refs": Object {},
        "state": Object {
          "isShowing": false,
        },
        "updater": Object {
          "enqueueCallback": [Function],
          "enqueueCallbackInternal": [Function],
          "enqueueElementInternal": [Function],
          "enqueueForceUpdate": [Function],
          "enqueueReplaceState": [Function],
          "enqueueSetState": [Function],
          "isMounted": [Function],
          "validateCallback": [Function],
        },
      },
      "_mountOrder": 1,
      "_pendingCallbacks": null,
      "_pendingElement": null,
      "_pendingForceUpdate": false,
      "_pendingReplaceState": false,
      "_pendingStateQueue": null,
      "_renderedComponent": NoopInternalComponent {
        "_currentElement": <div>
          <nav
                    className="Tabs"
          >
                    <li
                              className="TabNavButton"
                    >
                              <a
                                        className="TabLinkNavButton TabLinkNavButton_current"
                                        href="#"
                                        onClick={[Function]}
                              >
                                        <span
                                                  className="TabLinkLabelNavButton_currentw"
                                        >
                                                  test
                                        </span>
                              </a>
                    </li>
                    <ul
                              className="TabsList"
                    >
                              <Tab
                                        href="#"
                                        isCurrent={true}
                                        isShowing={false}
                                        label="test"
                              />
                              <Tab
                                        href="#"
                                        isCurrent={false}
                                        isShowing={false}
                                        label="test2"
                              />
                    </ul>
          </nav>
</div>,
        "_debugID": 2,
        "_renderedOutput": <div>
          <nav
                    className="Tabs"
          >
                    <li
                              className="TabNavButton"
                    >
                              <a
                                        className="TabLinkNavButton TabLinkNavButton_current"
                                        href="#"
                                        onClick={[Function]}
                              >
                                        <span
                                                  className="TabLinkLabelNavButton_currentw"
                                        >
                                                  test
                                        </span>
                              </a>
                    </li>
                    <ul
                              className="TabsList"
                    >
                              <Tab
                                        href="#"
                                        isCurrent={true}
                                        isShowing={false}
                                        label="test"
                              />
                              <Tab
                                        href="#"
                                        isCurrent={false}
                                        isShowing={false}
                                        label="test2"
                              />
                    </ul>
          </nav>
</div>,
      },
      "_renderedNodeType": 0,
      "_rootNodeID": 0,
      "_topLevelWrapper": null,
      "_updateBatchNumber": null,
      "_warnedAboutRefsInRender": false,
    },
    "getRenderOutput": [Function],
    "render": [Function],
  },
  "root": [Circular],
  "unrendered": <Tabs>
    <Tab
        href="#"
        isCurrent={true}
        isShowing={false}
        label="test"
    />
    <Tab
        href="#"
        isCurrent={false}
        isShowing={false}
        label="test2"
    />
</Tabs>,
}
`;
