// Jest Snapshot v1, https://goo.gl/fbAQLP

exports[`Tags renders correctly 1`] = `
ShallowWrapper {
  "complexSelector": ComplexSelector {
    "buildPredicate": [Function],
    "childrenOfNode": [Function],
    "findWhereUnwrapped": [Function],
  },
  "length": 1,
  "node": <ul
    className="Tags"
>
    <Tag
        href="http://google.com"
        text="one"
    />
    <Tag
        href="http://google.com"
        text="two"
    />
    <Tag
        href="http://google.com"
        text="three"
    />
</ul>,
  "nodes": Array [
    <ul
      className="Tags"
>
      <Tag
            href="http://google.com"
            text="one"
      />
      <Tag
            href="http://google.com"
            text="two"
      />
      <Tag
            href="http://google.com"
            text="three"
      />
</ul>,
  ],
  "options": Object {},
  "renderer": ReactShallowRenderer {
    "_instance": ShallowComponentWrapper {
      "_calledComponentWillUnmount": false,
      "_compositeType": 2,
      "_context": Object {},
      "_currentElement": <Tags>
        <Tag
                href="http://google.com"
                text="one"
        />
        <Tag
                href="http://google.com"
                text="two"
        />
        <Tag
                href="http://google.com"
                text="three"
        />
</Tags>,
      "_debugID": 1,
      "_hostContainerInfo": null,
      "_hostParent": null,
      "_instance": StatelessComponent {
        "_reactInternalInstance": [Circular],
        "context": Object {},
        "props": Object {
          "children": Array [
            <Tag
              href="http://google.com"
              text="one"
/>,
            <Tag
              href="http://google.com"
              text="two"
/>,
            <Tag
              href="http://google.com"
              text="three"
/>,
          ],
        },
        "refs": Object {},
        "state": null,
        "updater": Object {
          "enqueueCallback": [Function],
          "enqueueCallbackInternal": [Function],
          "enqueueElementInternal": [Function],
          "enqueueForceUpdate": [Function],
          "enqueueReplaceState": [Function],
          "enqueueSetState": [Function],
          "isMounted": [Function],
          "validateCallback": [Function],
        },
      },
      "_mountOrder": 1,
      "_pendingCallbacks": null,
      "_pendingElement": null,
      "_pendingForceUpdate": false,
      "_pendingReplaceState": false,
      "_pendingStateQueue": null,
      "_renderedComponent": NoopInternalComponent {
        "_currentElement": <ul
          className="Tags"
>
          <Tag
                    href="http://google.com"
                    text="one"
          />
          <Tag
                    href="http://google.com"
                    text="two"
          />
          <Tag
                    href="http://google.com"
                    text="three"
          />
</ul>,
        "_debugID": 2,
        "_renderedOutput": <ul
          className="Tags"
>
          <Tag
                    href="http://google.com"
                    text="one"
          />
          <Tag
                    href="http://google.com"
                    text="two"
          />
          <Tag
                    href="http://google.com"
                    text="three"
          />
</ul>,
      },
      "_renderedNodeType": 0,
      "_rootNodeID": 0,
      "_topLevelWrapper": null,
      "_updateBatchNumber": null,
      "_warnedAboutRefsInRender": false,
    },
    "getRenderOutput": [Function],
    "render": [Function],
  },
  "root": [Circular],
  "unrendered": <Tags>
    <Tag
        href="http://google.com"
        text="one"
    />
    <Tag
        href="http://google.com"
        text="two"
    />
    <Tag
        href="http://google.com"
        text="three"
    />
</Tags>,
}
`;
